// Jest Snapshot v1, https://goo.gl/fbAQLP

exports[`<FilterTextField /> should render without crashing 1`] = `
Object {
  "asFragment": [Function],
  "baseElement": <body>
    <div>
      <div
        class="MuiFormControl-root MuiFormControl-marginNone MuiTextField-root filter-text-field css-1u3bzj6-MuiFormControl-root-MuiTextField-root"
      >
        <div
          class="MuiOutlinedInput-root MuiInputBase-root MuiInputBase-colorPrimary MuiInputBase-formControl MuiInputBase-adornedEnd css-plngxy-MuiInputBase-root-MuiOutlinedInput-root"
        >
          <input
            aria-invalid="false"
            class="MuiOutlinedInput-input MuiInputBase-input MuiInputBase-inputAdornedEnd css-nxo287-MuiInputBase-input-MuiOutlinedInput-input"
            type="text"
            value=""
          />
          <div
            class="MuiInputAdornment-root MuiInputAdornment-positionEnd MuiInputAdornment-outlined MuiInputAdornment-hiddenLabel MuiInputAdornment-sizeSmall css-1laqsz7-MuiInputAdornment-root"
          >
            <button
              class="MuiButtonBase-root MuiIconButton-root MuiIconButton-sizeSmall css-qlovab-MuiButtonBase-root-MuiIconButton-root"
              tabindex="0"
              type="button"
            >
              <span
                class="MuiIconButton-label css-4jkopv-MuiIconButton-label"
              >
                <svg
                  aria-hidden="true"
                  class="MuiSvgIcon-root MuiSvgIcon-fontSizeMedium css-i4bv87-MuiSvgIcon-root"
                  data-testid="ClearSharpIcon"
                  focusable="false"
                  viewBox="0 0 24 24"
                >
                  <path
                    d="M19 6.41L17.59 5 12 10.59 6.41 5 5 6.41 10.59 12 5 17.59 6.41 19 12 13.41 17.59 19 19 17.59 13.41 12 19 6.41z"
                  />
                </svg>
              </span>
              <span
                class="MuiTouchRipple-root css-8je8zh-MuiTouchRipple-root"
              />
            </button>
          </div>
          <fieldset
            aria-hidden="true"
            class="MuiOutlinedInput-notchedOutline css-1o2jng6-MuiOutlinedInput-notchedOutline"
            style="padding-left: 8px;"
          >
            <legend
              class="css-1br1jja"
              style="width: 0.01px;"
            >
              <span
                class="notranslate"
              >
                ​
              </span>
            </legend>
          </fieldset>
        </div>
      </div>
      <ul
        class="MuiList-root MuiList-padding css-h4y409-MuiList-root"
      >
        <li
          class="MuiListItem-root MuiListItem-gutters test-item css-fh7lmh-MuiListItem-root"
          id="#item_0"
        >
          Item 0
        </li>
        <li
          class="MuiListItem-root MuiListItem-gutters test-item css-fh7lmh-MuiListItem-root"
          id="#item_1"
        >
          Item 1
        </li>
        <li
          class="MuiListItem-root MuiListItem-gutters test-item css-fh7lmh-MuiListItem-root"
          id="#item_2"
        >
          Item 2
        </li>
        <li
          class="MuiListItem-root MuiListItem-gutters test-item css-fh7lmh-MuiListItem-root"
          id="#item_3"
        >
          Item 3
        </li>
        <li
          class="MuiListItem-root MuiListItem-gutters test-item css-fh7lmh-MuiListItem-root"
          id="#item_4"
        >
          Item 4
        </li>
        <li
          class="MuiListItem-root MuiListItem-gutters test-item css-fh7lmh-MuiListItem-root"
          id="#item_5"
        >
          Item 5
        </li>
        <li
          class="MuiListItem-root MuiListItem-gutters test-item css-fh7lmh-MuiListItem-root"
          id="#item_6"
        >
          Item 6
        </li>
        <li
          class="MuiListItem-root MuiListItem-gutters test-item css-fh7lmh-MuiListItem-root"
          id="#item_7"
        >
          Item 7
        </li>
        <li
          class="MuiListItem-root MuiListItem-gutters test-item css-fh7lmh-MuiListItem-root"
          id="#item_8"
        >
          Item 8
        </li>
      </ul>
    </div>
  </body>,
  "container": <div>
    <div
      class="MuiFormControl-root MuiFormControl-marginNone MuiTextField-root filter-text-field css-1u3bzj6-MuiFormControl-root-MuiTextField-root"
    >
      <div
        class="MuiOutlinedInput-root MuiInputBase-root MuiInputBase-colorPrimary MuiInputBase-formControl MuiInputBase-adornedEnd css-plngxy-MuiInputBase-root-MuiOutlinedInput-root"
      >
        <input
          aria-invalid="false"
          class="MuiOutlinedInput-input MuiInputBase-input MuiInputBase-inputAdornedEnd css-nxo287-MuiInputBase-input-MuiOutlinedInput-input"
          type="text"
          value=""
        />
        <div
          class="MuiInputAdornment-root MuiInputAdornment-positionEnd MuiInputAdornment-outlined MuiInputAdornment-hiddenLabel MuiInputAdornment-sizeSmall css-1laqsz7-MuiInputAdornment-root"
        >
          <button
            class="MuiButtonBase-root MuiIconButton-root MuiIconButton-sizeSmall css-qlovab-MuiButtonBase-root-MuiIconButton-root"
            tabindex="0"
            type="button"
          >
            <span
              class="MuiIconButton-label css-4jkopv-MuiIconButton-label"
            >
              <svg
                aria-hidden="true"
                class="MuiSvgIcon-root MuiSvgIcon-fontSizeMedium css-i4bv87-MuiSvgIcon-root"
                data-testid="ClearSharpIcon"
                focusable="false"
                viewBox="0 0 24 24"
              >
                <path
                  d="M19 6.41L17.59 5 12 10.59 6.41 5 5 6.41 10.59 12 5 17.59 6.41 19 12 13.41 17.59 19 19 17.59 13.41 12 19 6.41z"
                />
              </svg>
            </span>
            <span
              class="MuiTouchRipple-root css-8je8zh-MuiTouchRipple-root"
            />
          </button>
        </div>
        <fieldset
          aria-hidden="true"
          class="MuiOutlinedInput-notchedOutline css-1o2jng6-MuiOutlinedInput-notchedOutline"
          style="padding-left: 8px;"
        >
          <legend
            class="css-1br1jja"
            style="width: 0.01px;"
          >
            <span
              class="notranslate"
            >
              ​
            </span>
          </legend>
        </fieldset>
      </div>
    </div>
    <ul
      class="MuiList-root MuiList-padding css-h4y409-MuiList-root"
    >
      <li
        class="MuiListItem-root MuiListItem-gutters test-item css-fh7lmh-MuiListItem-root"
        id="#item_0"
      >
        Item 0
      </li>
      <li
        class="MuiListItem-root MuiListItem-gutters test-item css-fh7lmh-MuiListItem-root"
        id="#item_1"
      >
        Item 1
      </li>
      <li
        class="MuiListItem-root MuiListItem-gutters test-item css-fh7lmh-MuiListItem-root"
        id="#item_2"
      >
        Item 2
      </li>
      <li
        class="MuiListItem-root MuiListItem-gutters test-item css-fh7lmh-MuiListItem-root"
        id="#item_3"
      >
        Item 3
      </li>
      <li
        class="MuiListItem-root MuiListItem-gutters test-item css-fh7lmh-MuiListItem-root"
        id="#item_4"
      >
        Item 4
      </li>
      <li
        class="MuiListItem-root MuiListItem-gutters test-item css-fh7lmh-MuiListItem-root"
        id="#item_5"
      >
        Item 5
      </li>
      <li
        class="MuiListItem-root MuiListItem-gutters test-item css-fh7lmh-MuiListItem-root"
        id="#item_6"
      >
        Item 6
      </li>
      <li
        class="MuiListItem-root MuiListItem-gutters test-item css-fh7lmh-MuiListItem-root"
        id="#item_7"
      >
        Item 7
      </li>
      <li
        class="MuiListItem-root MuiListItem-gutters test-item css-fh7lmh-MuiListItem-root"
        id="#item_8"
      >
        Item 8
      </li>
    </ul>
  </div>,
  "debug": [Function],
  "findAllByAltText": [Function],
  "findAllByDisplayValue": [Function],
  "findAllByLabelText": [Function],
  "findAllByPlaceholderText": [Function],
  "findAllByRole": [Function],
  "findAllByTestId": [Function],
  "findAllByText": [Function],
  "findAllByTitle": [Function],
  "findByAltText": [Function],
  "findByDisplayValue": [Function],
  "findByLabelText": [Function],
  "findByPlaceholderText": [Function],
  "findByRole": [Function],
  "findByTestId": [Function],
  "findByText": [Function],
  "findByTitle": [Function],
  "getAllByAltText": [Function],
  "getAllByDisplayValue": [Function],
  "getAllByLabelText": [Function],
  "getAllByPlaceholderText": [Function],
  "getAllByRole": [Function],
  "getAllByTestId": [Function],
  "getAllByText": [Function],
  "getAllByTitle": [Function],
  "getByAltText": [Function],
  "getByDisplayValue": [Function],
  "getByLabelText": [Function],
  "getByPlaceholderText": [Function],
  "getByRole": [Function],
  "getByTestId": [Function],
  "getByText": [Function],
  "getByTitle": [Function],
  "queryAllByAltText": [Function],
  "queryAllByDisplayValue": [Function],
  "queryAllByLabelText": [Function],
  "queryAllByPlaceholderText": [Function],
  "queryAllByRole": [Function],
  "queryAllByTestId": [Function],
  "queryAllByText": [Function],
  "queryAllByTitle": [Function],
  "queryByAltText": [Function],
  "queryByDisplayValue": [Function],
  "queryByLabelText": [Function],
  "queryByPlaceholderText": [Function],
  "queryByRole": [Function],
  "queryByTestId": [Function],
  "queryByText": [Function],
  "queryByTitle": [Function],
  "rerender": [Function],
  "unmount": [Function],
}
`;
