// Jest Snapshot v1, https://goo.gl/fbAQLP

exports[`<ResizablePanel /> should render without crashing 1`] = `
Object {
  "asFragment": [Function],
  "baseElement": <body>
    <div>
      <div
        class="makeStyles-container-2"
        style="position: relative; user-select: auto; width: 300px; height: 100%; max-width: 500px; min-width: 100px; box-sizing: border-box; flex-shrink: 0;"
      >
        <button
          class="MuiButtonBase-root MuiFab-root MuiFab-circular MuiFab-sizeSmall makeStyles-iconBtn-4 toggle-panel css-8c9wxy-MuiButtonBase-root-MuiFab-root"
          data-mui-internal-clone-element="true"
          tabindex="0"
          type="button"
        >
          <span
            class="MuiFab-label css-110lfi1-MuiFab-label"
          >
            <svg
              aria-hidden="true"
              class="MuiSvgIcon-root MuiSvgIcon-fontSizeMedium css-i4bv87-MuiSvgIcon-root"
              data-testid="ChevronLeftIcon"
              focusable="false"
              viewBox="0 0 24 24"
            >
              <path
                d="M15.41 7.41 14 6l-6 6 6 6 1.41-1.41L10.83 12z"
              />
            </svg>
          </span>
          <span
            class="MuiTouchRipple-root css-8je8zh-MuiTouchRipple-root"
          />
        </button>
        <div
          class="MuiPaper-root MuiPaper-elevation MuiPaper-rounded MuiPaper-elevation1 makeStyles-content-3 resizable-panel-content css-1ps6pg7-MuiPaper-root"
        >
          Panel contents
        </div>
        <div
          class="makeStyles-handle-1"
        >
          <div
            class=""
            style="position: absolute; user-select: none; width: 100%; height: 10px; top: -5px; left: 0px; cursor: row-resize;"
          />
          <div
            class=""
            style="position: absolute; user-select: none; width: 10px; height: 100%; top: 0px; right: -5px; cursor: col-resize;"
          />
          <div
            class=""
            style="position: absolute; user-select: none; width: 100%; height: 10px; bottom: -5px; left: 0px; cursor: row-resize;"
          />
          <div
            class=""
            style="position: absolute; user-select: none; width: 10px; height: 100%; top: 0px; left: -5px; cursor: col-resize;"
          />
          <div
            class=""
            style="position: absolute; user-select: none; width: 20px; height: 20px; right: -10px; top: -10px; cursor: ne-resize;"
          />
          <div
            class=""
            style="position: absolute; user-select: none; width: 20px; height: 20px; right: -10px; bottom: -10px; cursor: se-resize;"
          />
          <div
            class=""
            style="position: absolute; user-select: none; width: 20px; height: 20px; left: -10px; bottom: -10px; cursor: sw-resize;"
          />
          <div
            class=""
            style="position: absolute; user-select: none; width: 20px; height: 20px; left: -10px; top: -10px; cursor: nw-resize;"
          />
        </div>
      </div>
    </div>
  </body>,
  "container": <div>
    <div
      class="makeStyles-container-2"
      style="position: relative; user-select: auto; width: 300px; height: 100%; max-width: 500px; min-width: 100px; box-sizing: border-box; flex-shrink: 0;"
    >
      <button
        class="MuiButtonBase-root MuiFab-root MuiFab-circular MuiFab-sizeSmall makeStyles-iconBtn-4 toggle-panel css-8c9wxy-MuiButtonBase-root-MuiFab-root"
        data-mui-internal-clone-element="true"
        tabindex="0"
        type="button"
      >
        <span
          class="MuiFab-label css-110lfi1-MuiFab-label"
        >
          <svg
            aria-hidden="true"
            class="MuiSvgIcon-root MuiSvgIcon-fontSizeMedium css-i4bv87-MuiSvgIcon-root"
            data-testid="ChevronLeftIcon"
            focusable="false"
            viewBox="0 0 24 24"
          >
            <path
              d="M15.41 7.41 14 6l-6 6 6 6 1.41-1.41L10.83 12z"
            />
          </svg>
        </span>
        <span
          class="MuiTouchRipple-root css-8je8zh-MuiTouchRipple-root"
        />
      </button>
      <div
        class="MuiPaper-root MuiPaper-elevation MuiPaper-rounded MuiPaper-elevation1 makeStyles-content-3 resizable-panel-content css-1ps6pg7-MuiPaper-root"
      >
        Panel contents
      </div>
      <div
        class="makeStyles-handle-1"
      >
        <div
          class=""
          style="position: absolute; user-select: none; width: 100%; height: 10px; top: -5px; left: 0px; cursor: row-resize;"
        />
        <div
          class=""
          style="position: absolute; user-select: none; width: 10px; height: 100%; top: 0px; right: -5px; cursor: col-resize;"
        />
        <div
          class=""
          style="position: absolute; user-select: none; width: 100%; height: 10px; bottom: -5px; left: 0px; cursor: row-resize;"
        />
        <div
          class=""
          style="position: absolute; user-select: none; width: 10px; height: 100%; top: 0px; left: -5px; cursor: col-resize;"
        />
        <div
          class=""
          style="position: absolute; user-select: none; width: 20px; height: 20px; right: -10px; top: -10px; cursor: ne-resize;"
        />
        <div
          class=""
          style="position: absolute; user-select: none; width: 20px; height: 20px; right: -10px; bottom: -10px; cursor: se-resize;"
        />
        <div
          class=""
          style="position: absolute; user-select: none; width: 20px; height: 20px; left: -10px; bottom: -10px; cursor: sw-resize;"
        />
        <div
          class=""
          style="position: absolute; user-select: none; width: 20px; height: 20px; left: -10px; top: -10px; cursor: nw-resize;"
        />
      </div>
    </div>
  </div>,
  "debug": [Function],
  "findAllByAltText": [Function],
  "findAllByDisplayValue": [Function],
  "findAllByLabelText": [Function],
  "findAllByPlaceholderText": [Function],
  "findAllByRole": [Function],
  "findAllByTestId": [Function],
  "findAllByText": [Function],
  "findAllByTitle": [Function],
  "findByAltText": [Function],
  "findByDisplayValue": [Function],
  "findByLabelText": [Function],
  "findByPlaceholderText": [Function],
  "findByRole": [Function],
  "findByTestId": [Function],
  "findByText": [Function],
  "findByTitle": [Function],
  "getAllByAltText": [Function],
  "getAllByDisplayValue": [Function],
  "getAllByLabelText": [Function],
  "getAllByPlaceholderText": [Function],
  "getAllByRole": [Function],
  "getAllByTestId": [Function],
  "getAllByText": [Function],
  "getAllByTitle": [Function],
  "getByAltText": [Function],
  "getByDisplayValue": [Function],
  "getByLabelText": [Function],
  "getByPlaceholderText": [Function],
  "getByRole": [Function],
  "getByTestId": [Function],
  "getByText": [Function],
  "getByTitle": [Function],
  "queryAllByAltText": [Function],
  "queryAllByDisplayValue": [Function],
  "queryAllByLabelText": [Function],
  "queryAllByPlaceholderText": [Function],
  "queryAllByRole": [Function],
  "queryAllByTestId": [Function],
  "queryAllByText": [Function],
  "queryAllByTitle": [Function],
  "queryByAltText": [Function],
  "queryByDisplayValue": [Function],
  "queryByLabelText": [Function],
  "queryByPlaceholderText": [Function],
  "queryByRole": [Function],
  "queryByTestId": [Function],
  "queryByText": [Function],
  "queryByTitle": [Function],
  "rerender": [Function],
  "unmount": [Function],
}
`;
